
> apokalypsis@2.0.0 build
> tsc && vite build

src/components/MagiCouncilAgent.tsx(22,23): error TS6133: 'setShowSetup' is declared but its value is never read.
src/components/MagiCouncilAgent.tsx(48,24): error TS6133: 'setIsDarkMode' is declared but its value is never read.
